12:13:25.148	To GR-55	SysEx		F0 7E 7F 06 01 F7
12:13:25.148	To GR-55	SysEx		F0 41 7F 00 00 53 11 01 00 00 00 00 00 00 02 7D F7
12:13:25.187	From GR-55	SysEx		F0 7E 10 06 02 41 53 02 00 00 00 00 00 00 F7
12:13:25.187	From GR-55	SysEx		F0 41 10 00 00 53 12 01 00 00 00 00 05 7A F7
12:13:30.146	To GR-55	SysEx		F0 41 7F 00 00 53 11 01 00 00 00 00 00 00 02 7D F7
12:13:30.176	From GR-55	SysEx		F0 41 10 00 00 53 12 01 00 00 00 00 05 7A F7
12:13:35.147	To GR-55	SysEx		F0 41 10 00 00 53 11 01 00 00 00 00 00 00 02 7D F7
12:13:35.176	From GR-55	SysEx		F0 41 10 00 00 53 12 01 00 00 00 00 05 7A F7
12:13:35.176	To GR-55	SysEx		F0 41 10 00 00 53 11 01 00 00 00 01 01 00 00 7D F7
12:13:35.176	From GR-55	SysEx		F0 41 10 00 00 53 12 01 00 00 00 00 05 7A F7
12:13:35.201	From GR-55	SysEx		F0 41 10 00 00 53 12 02 00 00 00 00 00 00 0E 01 00 0F 01 01 00 08 00 00 00 18 00 00 00 00 00 00 01 02 05 01 00 00 00 64 00 64 00 64 00 00 00 00 00 00 09 F7
12:13:35.237	From GR-55	SysEx		F0 41 10 00 00 53 12 02 00 02 00 01 00 00 01 01 01 01 00 00 00 00 01 00 01 01 01 00 00 18 01 01 01 00 7F 01 01 01 01 01 01 00 64 00 64 00 64 01 01 01 00 00 18 01 01 01 00 7F 01 01 01 01 01 01 00 64 00 64 00 64 01 00 00 00 00 01 01 00 00 00 00 01 00 04 01 01 01 00 0C 01 01 01 00 7F 01 01 01 01 01 01 00 64 00 64 00 64 01 00 00 00 00 01 01 00 00 00 00 01 00 01 00 00 00 00 01 01 00 00 00 00 01 00 00 64 00 64 00 64 00 00 00 00 00 00 59 F7
12:13:35.257	From GR-55	SysEx		F0 41 10 00 00 53 12 02 00 04 00 20 20 20 20 20 20 20 20 00 0A 02 00 00 00 14 0A 0A 02 06 09 07 0B 0F 46 2B 2B 32 28 0A 02 05 05 05 05 00 20 20 20 20 20 20 20 20 00 0E 09 07 00 00 00 14 0A 0A 32 32 32 32 32 32 41 41 41 41 41 41 02 05 05 05 05 00 00 00 00 00 00 00 00 00 00 00 32 32 0C F7
12:13:35.293	From GR-55	SysEx		F0 41 10 00 00 53 12 02 00 05 00 20 20 20 20 20 20 20 20 00 0A 01 00 00 00 14 0A 0A 14 14 14 14 14 14 41 41 41 41 41 41 02 05 05 05 05 00 20 20 20 20 20 20 20 20 00 0E 09 07 00 00 00 14 0A 0A 32 32 32 32 32 32 41 41 41 41 41 41 02 05 05 05 05 00 00 00 00 00 00 00 00 00 00 00 32 32 40 F7
12:13:35.327	From GR-55	SysEx		F0 41 10 00 00 53 12 02 00 06 00 20 20 20 20 20 20 20 20 00 0A 01 00 00 00 14 0A 0A 14 14 14 14 14 14 41 41 41 41 41 41 02 05 05 05 05 00 20 20 20 20 20 20 20 20 00 0E 09 07 00 00 00 14 0A 0A 32 32 32 32 32 32 41 41 41 41 41 41 02 05 05 05 05 00 00 00 00 00 00 00 00 00 00 00 32 32 3F F7
12:13:35.354	From GR-55	SysEx		F0 41 10 00 00 53 12 02 00 07 00 20 20 20 20 20 20 20 20 00 0A 01 00 00 00 14 0A 0A 14 14 14 14 14 14 41 41 41 41 41 41 02 05 05 05 05 00 20 20 20 20 20 20 20 20 00 0E 09 07 00 00 00 14 0A 0A 32 32 32 32 32 32 41 41 41 41 41 41 02 05 05 05 05 00 00 00 00 00 00 00 00 00 00 00 32 32 3E F7
12:13:35.386	From GR-55	SysEx		F0 41 10 00 00 53 12 02 00 08 00 20 20 20 20 20 20 20 20 00 0A 01 00 00 00 14 0A 0A 14 14 14 14 14 14 41 41 41 41 41 41 02 05 05 05 05 00 20 20 20 20 20 20 20 20 00 0E 09 07 00 00 00 14 0A 0A 32 32 32 32 32 32 41 41 41 41 41 41 02 05 05 05 05 00 00 00 00 00 00 00 00 00 00 00 32 32 3D F7
12:13:35.415	From GR-55	SysEx		F0 41 10 00 00 53 12 02 00 09 00 20 20 20 20 20 20 20 20 00 0A 01 00 00 00 14 0A 0A 14 14 14 14 14 14 41 41 41 41 41 41 02 05 05 05 05 00 20 20 20 20 20 20 20 20 00 0E 09 07 00 00 00 14 0A 0A 32 32 32 32 32 32 41 41 41 41 41 41 02 05 05 05 05 00 00 00 00 00 00 00 00 00 00 00 32 32 3C F7
12:13:35.447	From GR-55	SysEx		F0 41 10 00 00 53 12 02 00 0A 00 20 20 20 20 20 20 20 20 00 0A 01 00 00 00 14 0A 0A 14 14 14 14 14 14 41 41 41 41 41 41 02 05 05 05 05 00 20 20 20 20 20 20 20 20 00 0E 09 07 00 00 00 14 0A 0A 32 32 32 32 32 32 41 41 41 41 41 41 02 05 05 05 05 00 00 00 00 00 00 00 00 00 00 00 32 32 3B F7
12:13:35.484	From GR-55	SysEx		F0 41 10 00 00 53 12 02 00 0B 00 20 20 20 20 20 20 20 20 00 0A 01 00 00 00 14 0A 0A 14 14 14 14 14 14 41 41 41 41 41 41 02 05 05 05 05 00 20 20 20 20 20 20 20 20 00 0E 09 07 00 00 00 14 0A 0A 32 32 32 32 32 32 41 41 41 41 41 41 02 05 05 05 05 00 00 00 00 00 00 00 00 00 00 00 32 32 3A F7
12:13:35.508	From GR-55	SysEx		F0 41 10 00 00 53 12 02 00 0C 00 20 20 20 20 20 20 20 20 00 0A 01 00 00 00 14 0A 0A 14 14 14 14 14 14 41 41 41 41 41 41 02 05 05 05 05 00 20 20 20 20 20 20 20 20 00 0E 09 07 00 00 00 14 0A 0A 32 32 32 32 32 32 41 41 41 41 41 41 02 05 05 05 05 00 00 00 00 00 00 00 00 00 00 00 32 32 39 F7
12:13:35.543	From GR-55	SysEx		F0 41 10 00 00 53 12 02 00 0D 00 20 20 20 20 20 20 20 20 00 0A 01 00 00 00 14 0A 0A 14 14 14 14 14 14 41 41 41 41 41 41 02 05 05 05 05 00 20 20 20 20 20 20 20 20 00 0E 09 07 00 00 00 14 0A 0A 32 32 32 32 32 32 41 41 41 41 41 41 02 05 05 05 05 00 00 00 00 00 00 00 00 00 00 00 32 32 38 F7